// Jest Snapshot v1, https://goo.gl/fbAQLP

exports[`Sidebar component renders correctly 1`] = `
<div
  className="bg-white flex flex-col h-screen w-full"
>
  <div
    className="flex flex-row font-big-shoulder font-bold items-center pl-8 pt-14 text-3xl"
  >
    <div
      className="leading-6"
    >
      <span
        className="tracking-wider"
      >
        RODNEY SANTOS
      </span>
      <br />
      <span
        className="font-dosis text-base tracking-[0.48rem]"
      >
        PHOTOGRAPHY
      </span>
    </div>
    <svg
      className="h-6 relative w-12"
      data-testid="chevron-icon"
      fill="currentColor"
      onClick={[Function]}
      viewBox="0 0 20 20"
      xmlns="http://www.w3.org/2000/svg"
    >
      <path
        clipRule="evenodd"
        d="M7.21 14.77a.75.75 0 01.02-1.06L11.168 10 7.23 6.29a.75.75 0 111.04-1.08l4.5 4.25a.75.75 0 010 1.08l-4.5 4.25a.75.75 0 01-1.06-.02z"
        fillRule="evenodd"
      />
    </svg>
  </div>
  <div
    className="flex flex-row h-screen"
  >
    <div
      className="flex flex-1 flex-col h-full overflow-hidden"
    >
      <div
        className="font-medium grow mt-5"
        data-testid="navigation"
      >
        <ul
          className="leading-8 list-none"
          data-testid="menu"
        >
          <li
            className="cursor-pointer pl-8"
            data-testid="about"
          >
            About
          </li>
          <hr
            className="border-slate-700 my-3 mx-8"
          />
          <li
            className="cursor-pointer mt-1 mx-8 select-none transition-all will-change-contents will-change-transform"
            data-testid="architecture"
            onClick={[Function]}
          >
            Architecture
          </li>
          <li
            className="cursor-pointer mt-1 mx-8 select-none transition-all will-change-contents will-change-transform"
            data-testid="black-and-white"
            onClick={[Function]}
          >
            Black and White
          </li>
          <li
            className="cursor-pointer mt-1 mx-8 select-none transition-all will-change-contents will-change-transform"
            data-testid="color"
            onClick={[Function]}
          >
            Color
          </li>
          <li
            className="cursor-pointer mt-1 mx-8 select-none transition-all will-change-contents will-change-transform"
            data-testid="film-simulation"
            onClick={[Function]}
          >
            Film Simulation
          </li>
          <li
            className="cursor-pointer mt-1 mx-8 select-none transition-all will-change-contents will-change-transform"
            data-testid="low-key"
            onClick={[Function]}
          >
            Low-Key
          </li>
        </ul>
      </div>
      <a
        className="content-center flex flex-col flex-wrap pb-12 pr-8 w-full"
        href="https://www.buymeacoffee.com/xenon.photo"
        rel="noreferrer"
        target="_blank"
      >
        <img
          alt="Buy me a coffee icon"
          className="w-32"
          src={{}}
        />
        <span
          className="mt-1 text-center text-xs"
        >
          Â© 
          2023
        </span>
      </a>
    </div>
  </div>
</div>
`;
